STAT
LIST
UIDL
CAPA
TOP 10 1
TOP 9 1
TOP 8 1
TOP 7 1
TOP 6 1
TOP 1 1
QUIT
