STAT
LIST
UIDL
CAPA
TOP 2 1
TOP 1 1
RETR 2
RETR 1
QUIT
