STAT
LIST
UIDL
CAPA
TOP 20 1
TOP 19 1
TOP 18 1
TOP 17 1
TOP 16 1
TOP 15 1
TOP 14 1
TOP 13 1
RETR 12
QUIT
