STAT
LIST
UIDL
CAPA
TOP 6 1
TOP 5 1
TOP 4 1
TOP 3 1
TOP 2 1
TOP 1 1
QUIT
