STAT
LIST
UIDL
CAPA
RETR 4
RETR 2
RETR 5
QUIT
