STAT
LIST
UIDL
CAPA
TOP 11 1
TOP 10 1
TOP 9 1
TOP 8 1
TOP 7 1
TOP 6 1
QUIT
