STAT
LIST
UIDL
CAPA
TOP 15 1
TOP 14 1
TOP 13 1
TOP 12 1
TOP 11 1
TOP 10 1
TOP 9 1
TOP 8 1
TOP 7 1
TOP 6 1
TOP 5 1
TOP 4 1
TOP 3 1
TOP 2 1
TOP 1 1
QUIT
