STAT
LIST
UIDL
CAPA
DELE 38
DELE 37
DELE 36
DELE 35
DELE 34
DELE 33
DELE 32
DELE 31
DELE 30
DELE 29
DELE 28
DELE 27
DELE 26
DELE 25
DELE 24
DELE 23
DELE 22
DELE 21
DELE 20
DELE 19
DELE 18
DELE 17
DELE 16
DELE 15
DELE 14
DELE 13
DELE 12
DELE 11
DELE 10
DELE 9
DELE 8
DELE 7
DELE 6
DELE 5
DELE 4
DELE 3
DELE 2
DELE 1
QUIT
