STAT
LIST
UIDL
CAPA
TOP 38 1
TOP 37 1
QUIT
