STAT
LIST
UIDL
CAPA
TOP 38 1
TOP 37 1
TOP 36 1
TOP 35 1
TOP 34 1
TOP 33 1
TOP 32 1
TOP 31 1
TOP 30 1
TOP 29 1
TOP 28 1
TOP 27 1
TOP 26 1
TOP 25 1
TOP 24 1
TOP 23 1
TOP 22 1
TOP 21 1
TOP 20 1
TOP 19 1
TOP 18 1
TOP 17 1
TOP 16 1
TOP 15 1
TOP 14 1
TOP 13 1
TOP 12 1
TOP 11 1
TOP 10 1
TOP 9 1
TOP 8 1
TOP 7 1
TOP 6 1
TOP 5 1
TOP 4 1
TOP 3 1
TOP 2 1
TOP 1 1
RETR 38
QUIT
