STAT
LIST
UIDL
CAPA
TOP 5 1
TOP 4 1
TOP 3 1
TOP 2 1
TOP 1 1
TOP 5 64
TOP 4 64
TOP 3 64
TOP 2 64
TOP 1 64
QUIT
