STAT
LIST
UIDL
CAPA
DELE 7
DELE 6
DELE 5
DELE 4
DELE 3
DELE 2
DELE 1
QUIT
