STAT
LIST
UIDL
CAPA
TOP 7 1
TOP 6 1
TOP 5 1
TOP 4 1
TOP 3 1
TOP 2 1
TOP 1 1
RETR 7
RETR 6
RETR 5
RETR 4
RETR 3
RETR 2
RETR 1
QUIT
