EHLO []
AUTH CRAM-MD5
c210cC1iYWQgYWM0ODIyZWIyYTkyZjRiOGFhMWE0YmE3ZGU1ZTRkNWY=
RSET
MAIL FROM:<smtp@lon-msgtest06.intra>
RCPT TO:<recyclebin@lon-msgtest06.intra>
DATA
From: "SMTP AUTH" <smtp@lon-msgtest06.intra>
Reply-to: "SMTP AUTH" <smtp@lon-msgtest06.intra>
To: recyclebin@lon-msgtest06.intra
Subject: Test message No.1 - 1000 character line in message
Date: date-replacement-string-
Message-ID: <message-id-replacement-string-1>
X-Mailer: EPOC Email Version 2.10
MIME-Version: 1.0
Content-Language: i-default
Content-Type: text/plain; charset=ISO-8859-1
Content-Transfer-Encoding: quoted-printable

The line in the following 3 paragraphs each contain 1000 characters: =

the maximum limit of linelength for SMTP mail. Each should arrive as
one wrapped paragraph in the received message. The dot-stuffed
paragraph is the absolute maximum line length permissable in SMTP
protocol - although in practice IMCV wraps the data into shorter
lines before it is actually sent.

1234567890123456789012345678901234567890123456789012345678901234567890123456=
7890123456789012345678901234567890123456789012345678901234567890123456789012=
3456789012345678901234567890123456789012345678901234567890123456789012345678=
9012345678901234567890123456789012345678901234567890123456789012345678901234=
5678901234567890123456789012345678901234567890123456789012345678901234567890=
1234567890123456789012345678901234567890123456789012345678901234567890123456=
7890123456789012345678901234567890123456789012345678901234567890123456789012=
3456789012345678901234567890123456789012345678901234567890123456789012345678=
9012345678901234567890123456789012345678901234567890123456789012345678901234=
5678901234567890123456789012345678901234567890123456789012345678901234567890=
1234567890123456789012345678901234567890123456789012345678901234567890123456=
7890123456789012345678901234567890123456789012345678901234567890123456789012=
3456789012345678901234567890123456789012345678901234567890123456789012345678=
901234567890

The following paragraph will be dot stuffed into 1001 characters:

..123456789012345678901234567890123456789012345678901234567890123456789012345=
6789012345678901234567890123456789012345678901234567890123456789012345678901=
2345678901234567890123456789012345678901234567890123456789012345678901234567=
8901234567890123456789012345678901234567890123456789012345678901234567890123=
4567890123456789012345678901234567890123456789012345678901234567890123456789=
0123456789012345678901234567890123456789012345678901234567890123456789012345=
6789012345678901234567890123456789012345678901234567890123456789012345678901=
2345678901234567890123456789012345678901234567890123456789012345678901234567=
8901234567890123456789012345678901234567890123456789012345678901234567890123=
4567890123456789012345678901234567890123456789012345678901234567890123456789=
0123456789012345678901234567890123456789012345678901234567890123456789012345=
6789012345678901234567890123456789012345678901234567890123456789012345678901=
2345678901234567890123456789012345678901234567890123456789012345678901234567=
890123456789

Start67890123456789012345678901234567890123456789012345678901234567890123456=
7890123456789012345678901234567890123456789012345678901234567890123456789012=
3456789012345678901234567890123456789012345678901234567890123456789012345678=
9012345678901234567890123456789012345678901234567890123456789012345678901234=
5678901234567890123456789012345678901234567890123456789012345678901234567890=
1234567890123456789012345678901234567890123456789012345678901234567890123456=
7890123456789012345678901234567890123456789012345678901234567890123456789012=
3456789012345678901234567890123456789012345678901234567890123456789012345678=
9012345678901234567890123456789012345678901234567890123456789012345678901234=
5678901234567890123456789012345678901234567890123456789012345678901234567890=
1234567890123456789012345678901234567890123456789012345678901234567890123456=
7890123456789012345678901234567890123456789012345678901234567890123456789012=
3456789012345678901234567890123456789012345678901234567890123456789012345678=
901234567End

End of message.

.
QUIT
